Ôû▓ Next.js 16.2.4 (Turbopack)
- Environments: .env.local

  Creating an optimized production build ...
node.exe : Turbopack build encountered 2 warnings:
Au caractère Ligne:1 : 1
+ & "C:\Program Files\nodejs/node.exe" "C:\Program Files\nodejs/node_mo ...
+ ~~~~~~~~~~~~~~~~~~~~~~~~~~~~~~~~~~~~~~~~~~~~~~~~~~~~~~~~~~~~~~~~~~~~~
    + CategoryInfo          : NotSpecified: (Turbopack build encountered 2 warnings::String) [], RemoteException
    + FullyQualifiedErrorId : NativeCommandError
 
./app/api/send-email/route.ts:15:30
Module not found: Can't resolve 'resend'
  [90m13 |[0m     [90m// eslint-disable-next-line @typescript-eslint/ban-ts-comment[0m
  [90m14 |[0m     [90m// @ts-ignore ÔÇô resend is an optional runtime dependency[0m
[31m[1m>[0m [90m15 |[0m     [36mconst[0m { [33mResend[0m } = [36mawait[0m 
[36mimport[0m([32m'resend'[0m).[36mcatch[0m(() => ({ [33mResend[0m: [36mnull[0m }));
  [90m   |[0m                              [31m[1m^^^^^^^^^^^^^^^^[0m
  [90m16 |[0m     [36mif[0m (![33mResend[0m) {
  [90m17 |[0m       [36mreturn[0m [33mNextResponse[0m.json({ error: [32m'Email service unavailable'[0m }, { 
status: [35m503[0m });
  [90m18 |[0m     }



https://nextjs.org/docs/messages/module-not-found


./app/api/send-sms/route.ts:15:32
Module not found: Can't resolve 'twilio'
  [90m13 |[0m     [90m// eslint-disable-next-line @typescript-eslint/ban-ts-comment[0m
  [90m14 |[0m     [90m// @ts-ignore ÔÇô twilio is an optional runtime dependency[0m
[31m[1m>[0m [90m15 |[0m     [36mconst[0m twilioModule = [36mawait[0m 
[36mimport[0m([32m'twilio'[0m).[36mcatch[0m(() => [36mnull[0m);
  [90m   |[0m                                [31m[1m^^^^^^^^^^^^^^^^[0m
  [90m16 |[0m     [36mif[0m (!twilioModule) {
  [90m17 |[0m       [36mreturn[0m [33mNextResponse[0m.json({ error: [32m'SMS service unavailable'[0m }, { 
status: [35m503[0m });
  [90m18 |[0m     }



https://nextjs.org/docs/messages/module-not-found


Ô£ô Compiled successfully in 12.0s
  Running TypeScript ...
